// Jest Snapshot v1, https://goo.gl/fbAQLP

exports[`details snapshot  final 1`] = `<div />`;
