// Jest Snapshot v1, https://goo.gl/fbAQLP

exports[`details snapshot  final 1`] = `
<div>
  <form>
    <div
      class="MuiBox-root css-1rr4bpd"
    >
      <h3
        class="MuiTypography-root MuiTypography-h4 css-b4jtw2-MuiTypography-root"
      >
        Weather App
      </h3>
      <div
        aria-label="cost-input"
        class="MuiFormControl-root MuiTextField-root css-1u3bzj6-MuiFormControl-root-MuiTextField-root"
      >
        <div
          class="MuiOutlinedInput-root MuiInputBase-root MuiInputBase-colorPrimary MuiInputBase-formControl MuiInputBase-sizeSmall css-9ddj71-MuiInputBase-root-MuiOutlinedInput-root"
        >
          <input
            aria-invalid="false"
            class="MuiOutlinedInput-input MuiInputBase-input MuiInputBase-inputSizeSmall css-1n4twyu-MuiInputBase-input-MuiOutlinedInput-input"
            id="standard-basic"
            placeholder="Enter Country"
            type="text"
            value=""
          />
          <fieldset
            aria-hidden="true"
            class="MuiOutlinedInput-notchedOutline css-1d3z3hw-MuiOutlinedInput-notchedOutline"
          >
            <legend
              class="css-nnbavb"
            >
              <span
                class="notranslate"
              >
                â€‹
              </span>
            </legend>
          </fieldset>
        </div>
      </div>
      <button
        class="MuiButton-root MuiButton-contained MuiButton-containedPrimary MuiButton-sizeMedium MuiButton-containedSizeMedium MuiButtonBase-root Mui-disabled  css-s3awaj-MuiButtonBase-root-MuiButton-root"
        disabled=""
        tabindex="-1"
        type="submit"
      >
        Submit
      </button>
    </div>
  </form>
</div>
`;
